Loading weights:   0%|          | 0/148 [00:00<?, ?it/s]Loading weights: 100%|██████████| 148/148 [00:00<00:00, 22421.33it/s]
[eval] pretrained step=    0 acc=0.000 nll=8.512 disc=0.05 holdout=4.441 |dθ|=0.00 B_acc=0.000
step     0/2300 loss=4.385 lr=2.0e-06 facts_in_batch=0 0s
[eval] pre_injection step=  100 acc=0.000 nll=8.385 disc=0.03 holdout=3.746 |dθ|=15.42 B_acc=0.000
step   200/2300 loss=3.677 lr=1.0e-04 facts_in_batch=2 75s
step   400/2300 loss=3.430 lr=1.0e-04 facts_in_batch=1 152s
step   600/2300 loss=3.293 lr=1.0e-04 facts_in_batch=0 233s
[eval]  immediate step=  800 acc=0.710 nll=0.431 disc=3.11 holdout=3.562 |dθ|=81.34 B_acc=0.000
step   800/2300 loss=3.503 lr=1.0e-04 facts_in_batch=0 315s
[eval] interference step=  850 acc=0.710 nll=0.436 disc=2.34 holdout=3.551 |dθ|=83.54 B_acc=0.020
[eval] interference step=  900 acc=0.615 nll=0.904 disc=1.77 holdout=3.550 |dθ|=85.66 B_acc=0.040
[eval] interference step= 1000 acc=0.380 nll=1.406 disc=1.41 holdout=3.535 |dθ|=89.50 B_acc=0.080
step  1000/2300 loss=3.817 lr=1.0e-04 facts_in_batch=0 392s
[eval] interference step= 1200 acc=0.145 nll=1.739 disc=1.47 holdout=3.515 |dθ|=96.13 B_acc=0.100
step  1200/2300 loss=3.547 lr=1.0e-04 facts_in_batch=0 465s
step  1400/2300 loss=3.544 lr=1.0e-04 facts_in_batch=0 538s
[eval] interference step= 1600 acc=0.230 nll=1.175 disc=1.86 holdout=3.495 |dθ|=106.29 B_acc=0.560
step  1600/2300 loss=3.359 lr=1.0e-04 facts_in_batch=0 612s
step  1800/2300 loss=3.574 lr=1.0e-04 facts_in_batch=0 683s
[eval] interference step= 2000 acc=0.215 nll=1.262 disc=2.46 holdout=3.454 |dθ|=114.52 B_acc=0.780
step  2000/2300 loss=3.223 lr=1.0e-04 facts_in_batch=0 757s
step  2200/2300 loss=3.390 lr=1.0e-04 facts_in_batch=0 828s
[eval] interference step= 2300 acc=0.230 nll=1.306 disc=2.40 holdout=3.438 |dθ|=119.68 B_acc=0.920
[guard] acc right after last exposure = 0.860 nll = 0.223
