Loading weights:   0%|          | 0/148 [00:00<?, ?it/s]Loading weights: 100%|██████████| 148/148 [00:00<00:00, 35248.25it/s]
[eval] pretrained step=    0 acc=0.000 nll=8.551 disc=0.03 holdout=4.468 |dθ|=0.00 B_acc=0.000
step     0/2300 loss=4.298 lr=2.0e-06 facts_in_batch=0 0s
[eval] pre_injection step=  100 acc=0.000 nll=8.639 disc=0.03 holdout=3.736 |dθ|=15.18 B_acc=0.000
step   200/2300 loss=3.431 lr=1.0e-04 facts_in_batch=1 71s
step   400/2300 loss=3.707 lr=1.0e-04 facts_in_batch=0 145s
step   600/2300 loss=2.956 lr=1.0e-04 facts_in_batch=5 223s
[eval]  immediate step=  800 acc=0.705 nll=0.380 disc=2.79 holdout=3.565 |dθ|=80.46 B_acc=0.000
step   800/2300 loss=3.428 lr=1.0e-04 facts_in_batch=0 300s
[eval] interference step=  850 acc=0.505 nll=0.871 disc=1.62 holdout=3.553 |dθ|=82.75 B_acc=0.020
[eval] interference step=  900 acc=0.300 nll=1.416 disc=1.33 holdout=3.546 |dθ|=84.87 B_acc=0.020
[eval] interference step= 1000 acc=0.140 nll=1.838 disc=1.11 holdout=3.532 |dθ|=88.71 B_acc=0.040
step  1000/2300 loss=3.348 lr=1.0e-04 facts_in_batch=0 376s
[eval] interference step= 1200 acc=0.360 nll=1.111 disc=1.43 holdout=3.519 |dθ|=95.45 B_acc=0.160
step  1200/2300 loss=3.642 lr=1.0e-04 facts_in_batch=0 448s
step  1400/2300 loss=3.600 lr=1.0e-04 facts_in_batch=0 518s
[eval] interference step= 1600 acc=0.205 nll=1.296 disc=1.52 holdout=3.495 |dθ|=105.72 B_acc=0.600
step  1600/2300 loss=3.545 lr=1.0e-04 facts_in_batch=0 590s
step  1800/2300 loss=3.413 lr=1.0e-04 facts_in_batch=0 661s
[eval] interference step= 2000 acc=0.230 nll=1.238 disc=2.23 holdout=3.470 |dθ|=113.70 B_acc=0.860
step  2000/2300 loss=3.311 lr=1.0e-04 facts_in_batch=0 733s
step  2200/2300 loss=3.365 lr=1.0e-04 facts_in_batch=0 803s
[eval] interference step= 2300 acc=0.205 nll=1.256 disc=2.27 holdout=3.454 |dθ|=119.04 B_acc=1.000
[guard] acc right after last exposure = 0.820 nll = 0.262
