Loading weights:   0%|          | 0/148 [00:00<?, ?it/s]Loading weights: 100%|██████████| 148/148 [00:00<00:00, 79922.36it/s]
[eval] pretrained step=    0 acc=0.000 nll=8.519 disc=-0.04 holdout=4.503 |dθ|=0.00 B_acc=0.000
step     0/2300 loss=4.387 lr=2.0e-06 facts_in_batch=0 0s
[eval] pre_injection step=  100 acc=0.000 nll=8.373 disc=-0.03 holdout=3.746 |dθ|=15.47 B_acc=0.000
step   200/2300 loss=3.843 lr=1.0e-04 facts_in_batch=0 71s
step   400/2300 loss=3.449 lr=1.0e-04 facts_in_batch=2 144s
step   600/2300 loss=3.432 lr=1.0e-04 facts_in_batch=0 220s
[eval]  immediate step=  800 acc=0.660 nll=0.369 disc=2.48 holdout=3.607 |dθ|=80.14 B_acc=0.000
step   800/2300 loss=3.715 lr=1.0e-04 facts_in_batch=0 296s
[eval] interference step=  850 acc=0.510 nll=0.873 disc=1.47 holdout=3.596 |dθ|=82.44 B_acc=0.020
[eval] interference step=  900 acc=0.310 nll=1.236 disc=1.38 holdout=3.582 |dθ|=84.55 B_acc=0.000
[eval] interference step= 1000 acc=0.340 nll=1.342 disc=1.39 holdout=3.577 |dθ|=88.53 B_acc=0.060
step  1000/2300 loss=3.507 lr=1.0e-04 facts_in_batch=0 370s
[eval] interference step= 1200 acc=0.225 nll=1.529 disc=1.30 holdout=3.558 |dθ|=95.40 B_acc=0.120
step  1200/2300 loss=3.540 lr=1.0e-04 facts_in_batch=0 440s
step  1400/2300 loss=3.873 lr=1.0e-04 facts_in_batch=0 509s
[eval] interference step= 1600 acc=0.190 nll=1.355 disc=1.58 holdout=3.521 |dθ|=105.75 B_acc=0.500
step  1600/2300 loss=3.383 lr=1.0e-04 facts_in_batch=0 579s
step  1800/2300 loss=3.374 lr=1.0e-04 facts_in_batch=0 648s
[eval] interference step= 2000 acc=0.095 nll=1.532 disc=1.85 holdout=3.498 |dθ|=113.85 B_acc=0.800
step  2000/2300 loss=3.515 lr=1.0e-04 facts_in_batch=0 718s
step  2200/2300 loss=3.526 lr=1.0e-04 facts_in_batch=0 787s
[eval] interference step= 2300 acc=0.190 nll=1.408 disc=1.98 holdout=3.480 |dθ|=119.11 B_acc=0.940
[guard] acc right after last exposure = 0.725 nll = 0.310
